Archive member included to satisfy reference by file (symbol)

/opt/st/stm32cubeide_1.7.0/plugins/com.st.stm32cube.ide.mcu.externaltools.gnu-tools-for-stm32.9-2020-q2-update.linux64_2.0.0.202105311346/tools/bin/../lib/gcc/arm-none-eabi/9.3.1/../../../../arm-none-eabi/lib/thumb/v6-m/nofp/libc_nano.a(lib_a-exit.o)
                              /opt/st/stm32cubeide_1.7.0/plugins/com.st.stm32cube.ide.mcu.externaltools.gnu-tools-for-stm32.9-2020-q2-update.linux64_2.0.0.202105311346/tools/bin/../lib/gcc/arm-none-eabi/9.3.1/../../../../arm-none-eabi/lib/thumb/v6-m/nofp/crt0.o (exit)
/opt/st/stm32cubeide_1.7.0/plugins/com.st.stm32cube.ide.mcu.externaltools.gnu-tools-for-stm32.9-2020-q2-update.linux64_2.0.0.202105311346/tools/bin/../lib/gcc/arm-none-eabi/9.3.1/../../../../arm-none-eabi/lib/thumb/v6-m/nofp/libc_nano.a(lib_a-impure.o)
                              /opt/st/stm32cubeide_1.7.0/plugins/com.st.stm32cube.ide.mcu.externaltools.gnu-tools-for-stm32.9-2020-q2-update.linux64_2.0.0.202105311346/tools/bin/../lib/gcc/arm-none-eabi/9.3.1/../../../../arm-none-eabi/lib/thumb/v6-m/nofp/libc_nano.a(lib_a-exit.o) (_global_impure_ptr)
/opt/st/stm32cubeide_1.7.0/plugins/com.st.stm32cube.ide.mcu.externaltools.gnu-tools-for-stm32.9-2020-q2-update.linux64_2.0.0.202105311346/tools/bin/../lib/gcc/arm-none-eabi/9.3.1/../../../../arm-none-eabi/lib/thumb/v6-m/nofp/libc_nano.a(lib_a-init.o)
                              /opt/st/stm32cubeide_1.7.0/plugins/com.st.stm32cube.ide.mcu.externaltools.gnu-tools-for-stm32.9-2020-q2-update.linux64_2.0.0.202105311346/tools/bin/../lib/gcc/arm-none-eabi/9.3.1/../../../../arm-none-eabi/lib/thumb/v6-m/nofp/crt0.o (__libc_init_array)
/opt/st/stm32cubeide_1.7.0/plugins/com.st.stm32cube.ide.mcu.externaltools.gnu-tools-for-stm32.9-2020-q2-update.linux64_2.0.0.202105311346/tools/bin/../lib/gcc/arm-none-eabi/9.3.1/../../../../arm-none-eabi/lib/thumb/v6-m/nofp/libc_nano.a(lib_a-memset.o)
                              /opt/st/stm32cubeide_1.7.0/plugins/com.st.stm32cube.ide.mcu.externaltools.gnu-tools-for-stm32.9-2020-q2-update.linux64_2.0.0.202105311346/tools/bin/../lib/gcc/arm-none-eabi/9.3.1/../../../../arm-none-eabi/lib/thumb/v6-m/nofp/crt0.o (memset)
/opt/st/stm32cubeide_1.7.0/plugins/com.st.stm32cube.ide.mcu.externaltools.gnu-tools-for-stm32.9-2020-q2-update.linux64_2.0.0.202105311346/tools/bin/../lib/gcc/arm-none-eabi/9.3.1/thumb/v6-m/nofp/libgcc.a(_udivsi3.o)
                              ./Src/system_stm32l0xx.o (__aeabi_uidiv)
/opt/st/stm32cubeide_1.7.0/plugins/com.st.stm32cube.ide.mcu.externaltools.gnu-tools-for-stm32.9-2020-q2-update.linux64_2.0.0.202105311346/tools/bin/../lib/gcc/arm-none-eabi/9.3.1/thumb/v6-m/nofp/libgcc.a(_dvmd_tls.o)
                              /opt/st/stm32cubeide_1.7.0/plugins/com.st.stm32cube.ide.mcu.externaltools.gnu-tools-for-stm32.9-2020-q2-update.linux64_2.0.0.202105311346/tools/bin/../lib/gcc/arm-none-eabi/9.3.1/thumb/v6-m/nofp/libgcc.a(_udivsi3.o) (__aeabi_idiv0)
/opt/st/stm32cubeide_1.7.0/plugins/com.st.stm32cube.ide.mcu.externaltools.gnu-tools-for-stm32.9-2020-q2-update.linux64_2.0.0.202105311346/tools/bin/../lib/gcc/arm-none-eabi/9.3.1/../../../../arm-none-eabi/lib/thumb/v6-m/nofp/libnosys.a(_exit.o)
                              /opt/st/stm32cubeide_1.7.0/plugins/com.st.stm32cube.ide.mcu.externaltools.gnu-tools-for-stm32.9-2020-q2-update.linux64_2.0.0.202105311346/tools/bin/../lib/gcc/arm-none-eabi/9.3.1/../../../../arm-none-eabi/lib/thumb/v6-m/nofp/libc_nano.a(lib_a-exit.o) (_exit)

Allocating common symbols
Common symbol       size              file

SPI_TX_COUNTER      0x2               ./Src/cc1101.o
FLAG_BUFF0          0x4               ./Src/cc1101.o
USER_BUFFER         0x20              ./Src/cc1101.o
SPI_RX_BUFFER       0x80              ./Src/cc1101.o
SPI_RX_COUNTER      0x2               ./Src/cc1101.o
SPI_TX_SIZE         0x2               ./Src/cc1101.o
CURRENT_NSS         0x1               ./Src/cc1101.o
SPI_TX_BUFFER       0x80              ./Src/cc1101.o

Discarded input sections

 .text          0x0000000000000000        0x0 /opt/st/stm32cubeide_1.7.0/plugins/com.st.stm32cube.ide.mcu.externaltools.gnu-tools-for-stm32.9-2020-q2-update.linux64_2.0.0.202105311346/tools/bin/../lib/gcc/arm-none-eabi/9.3.1/thumb/v6-m/nofp/crti.o
 .data          0x0000000000000000        0x0 /opt/st/stm32cubeide_1.7.0/plugins/com.st.stm32cube.ide.mcu.externaltools.gnu-tools-for-stm32.9-2020-q2-update.linux64_2.0.0.202105311346/tools/bin/../lib/gcc/arm-none-eabi/9.3.1/thumb/v6-m/nofp/crti.o
 .bss           0x0000000000000000        0x0 /opt/st/stm32cubeide_1.7.0/plugins/com.st.stm32cube.ide.mcu.externaltools.gnu-tools-for-stm32.9-2020-q2-update.linux64_2.0.0.202105311346/tools/bin/../lib/gcc/arm-none-eabi/9.3.1/thumb/v6-m/nofp/crti.o
 .data          0x0000000000000000        0x4 /opt/st/stm32cubeide_1.7.0/plugins/com.st.stm32cube.ide.mcu.externaltools.gnu-tools-for-stm32.9-2020-q2-update.linux64_2.0.0.202105311346/tools/bin/../lib/gcc/arm-none-eabi/9.3.1/thumb/v6-m/nofp/crtbegin.o
 .text          0x0000000000000000       0x80 /opt/st/stm32cubeide_1.7.0/plugins/com.st.stm32cube.ide.mcu.externaltools.gnu-tools-for-stm32.9-2020-q2-update.linux64_2.0.0.202105311346/tools/bin/../lib/gcc/arm-none-eabi/9.3.1/../../../../arm-none-eabi/lib/thumb/v6-m/nofp/crt0.o
 .data          0x0000000000000000        0x0 /opt/st/stm32cubeide_1.7.0/plugins/com.st.stm32cube.ide.mcu.externaltools.gnu-tools-for-stm32.9-2020-q2-update.linux64_2.0.0.202105311346/tools/bin/../lib/gcc/arm-none-eabi/9.3.1/../../../../arm-none-eabi/lib/thumb/v6-m/nofp/crt0.o
 .bss           0x0000000000000000        0x0 /opt/st/stm32cubeide_1.7.0/plugins/com.st.stm32cube.ide.mcu.externaltools.gnu-tools-for-stm32.9-2020-q2-update.linux64_2.0.0.202105311346/tools/bin/../lib/gcc/arm-none-eabi/9.3.1/../../../../arm-none-eabi/lib/thumb/v6-m/nofp/crt0.o
 .ARM.extab     0x0000000000000000        0x0 /opt/st/stm32cubeide_1.7.0/plugins/com.st.stm32cube.ide.mcu.externaltools.gnu-tools-for-stm32.9-2020-q2-update.linux64_2.0.0.202105311346/tools/bin/../lib/gcc/arm-none-eabi/9.3.1/../../../../arm-none-eabi/lib/thumb/v6-m/nofp/crt0.o
 .ARM.exidx     0x0000000000000000       0x10 /opt/st/stm32cubeide_1.7.0/plugins/com.st.stm32cube.ide.mcu.externaltools.gnu-tools-for-stm32.9-2020-q2-update.linux64_2.0.0.202105311346/tools/bin/../lib/gcc/arm-none-eabi/9.3.1/../../../../arm-none-eabi/lib/thumb/v6-m/nofp/crt0.o
 .ARM.attributes
                0x0000000000000000       0x1b /opt/st/stm32cubeide_1.7.0/plugins/com.st.stm32cube.ide.mcu.externaltools.gnu-tools-for-stm32.9-2020-q2-update.linux64_2.0.0.202105311346/tools/bin/../lib/gcc/arm-none-eabi/9.3.1/../../../../arm-none-eabi/lib/thumb/v6-m/nofp/crt0.o
 .group         0x0000000000000000        0xc ./Src/cc1101.o
 .group         0x0000000000000000        0xc ./Src/cc1101.o
 .group         0x0000000000000000        0xc ./Src/cc1101.o
 .group         0x0000000000000000        0xc ./Src/cc1101.o
 .group         0x0000000000000000        0xc ./Src/cc1101.o
 .group         0x0000000000000000        0xc ./Src/cc1101.o
 .group         0x0000000000000000        0xc ./Src/cc1101.o
 .group         0x0000000000000000        0xc ./Src/cc1101.o
 .group         0x0000000000000000        0xc ./Src/cc1101.o
 .group         0x0000000000000000        0xc ./Src/cc1101.o
 .group         0x0000000000000000        0xc ./Src/cc1101.o
 .group         0x0000000000000000        0xc ./Src/cc1101.o
 .group         0x0000000000000000        0xc ./Src/cc1101.o
 .group         0x0000000000000000        0xc ./Src/cc1101.o
 .group         0x0000000000000000        0xc ./Src/cc1101.o
 .group         0x0000000000000000        0xc ./Src/cc1101.o
 .text          0x0000000000000000        0x0 ./Src/cc1101.o
 .data          0x0000000000000000        0x0 ./Src/cc1101.o
 .bss           0x0000000000000000        0x0 ./Src/cc1101.o
 .group         0x0000000000000000        0xc ./Src/gpio.o
 .group         0x0000000000000000        0xc ./Src/gpio.o
 .group         0x0000000000000000        0xc ./Src/gpio.o
 .group         0x0000000000000000        0xc ./Src/gpio.o
 .group         0x0000000000000000        0xc ./Src/gpio.o
 .group         0x0000000000000000        0xc ./Src/gpio.o
 .group         0x0000000000000000        0xc ./Src/gpio.o
 .group         0x0000000000000000        0xc ./Src/gpio.o
 .group         0x0000000000000000        0xc ./Src/gpio.o
 .group         0x0000000000000000        0xc ./Src/gpio.o
 .group         0x0000000000000000        0xc ./Src/gpio.o
 .group         0x0000000000000000        0xc ./Src/gpio.o
 .group         0x0000000000000000        0xc ./Src/gpio.o
 .text          0x0000000000000000        0x0 ./Src/gpio.o
 .data          0x0000000000000000        0x0 ./Src/gpio.o
 .bss           0x0000000000000000        0x0 ./Src/gpio.o
 .debug_macro   0x0000000000000000      0xa84 ./Src/gpio.o
 .debug_macro   0x0000000000000000       0x28 ./Src/gpio.o
 .debug_macro   0x0000000000000000       0x22 ./Src/gpio.o
 .debug_macro   0x0000000000000000       0x8e ./Src/gpio.o
 .debug_macro   0x0000000000000000       0x51 ./Src/gpio.o
 .debug_macro   0x0000000000000000      0x103 ./Src/gpio.o
 .debug_macro   0x0000000000000000       0x6a ./Src/gpio.o
 .debug_macro   0x0000000000000000      0x1df ./Src/gpio.o
 .debug_macro   0x0000000000000000       0x1c ./Src/gpio.o
 .debug_macro   0x0000000000000000       0x22 ./Src/gpio.o
 .debug_macro   0x0000000000000000       0xd7 ./Src/gpio.o
 .debug_macro   0x0000000000000000      0x3ad ./Src/gpio.o
 .debug_macro   0x0000000000000000     0x7ba3 ./Src/gpio.o
 .group         0x0000000000000000        0xc ./Src/init_system.o
 .group         0x0000000000000000        0xc ./Src/init_system.o
 .group         0x0000000000000000        0xc ./Src/init_system.o
 .group         0x0000000000000000        0xc ./Src/init_system.o
 .group         0x0000000000000000        0xc ./Src/init_system.o
 .group         0x0000000000000000        0xc ./Src/init_system.o
 .group         0x0000000000000000        0xc ./Src/init_system.o
 .group         0x0000000000000000        0xc ./Src/init_system.o
 .group         0x0000000000000000        0xc ./Src/init_system.o
 .group         0x0000000000000000        0xc ./Src/init_system.o
 .group         0x0000000000000000        0xc ./Src/init_system.o
 .group         0x0000000000000000        0xc ./Src/init_system.o
 .group         0x0000000000000000        0xc ./Src/init_system.o
 .text          0x0000000000000000        0x0 ./Src/init_system.o
 .data          0x0000000000000000        0x0 ./Src/init_system.o
 .bss           0x0000000000000000        0x0 ./Src/init_system.o
 .debug_macro   0x0000000000000000      0xa84 ./Src/init_system.o
 .debug_macro   0x0000000000000000       0x28 ./Src/init_system.o
 .debug_macro   0x0000000000000000       0x22 ./Src/init_system.o
 .debug_macro   0x0000000000000000       0x8e ./Src/init_system.o
 .debug_macro   0x0000000000000000       0x51 ./Src/init_system.o
 .debug_macro   0x0000000000000000      0x103 ./Src/init_system.o
 .debug_macro   0x0000000000000000       0x6a ./Src/init_system.o
 .debug_macro   0x0000000000000000      0x1df ./Src/init_system.o
 .debug_macro   0x0000000000000000       0x1c ./Src/init_system.o
 .debug_macro   0x0000000000000000       0x22 ./Src/init_system.o
 .debug_macro   0x0000000000000000       0xd7 ./Src/init_system.o
 .debug_macro   0x0000000000000000      0x3ad ./Src/init_system.o
 .debug_macro   0x0000000000000000     0x7ba3 ./Src/init_system.o
 .group         0x0000000000000000        0xc ./Src/main.o
 .group         0x0000000000000000        0xc ./Src/main.o
 .group         0x0000000000000000        0xc ./Src/main.o
 .group         0x0000000000000000        0xc ./Src/main.o
 .group         0x0000000000000000        0xc ./Src/main.o
 .group         0x0000000000000000        0xc ./Src/main.o
 .group         0x0000000000000000        0xc ./Src/main.o
 .group         0x0000000000000000        0xc ./Src/main.o
 .group         0x0000000000000000        0xc ./Src/main.o
 .group         0x0000000000000000        0xc ./Src/main.o
 .group         0x0000000000000000        0xc ./Src/main.o
 .group         0x0000000000000000        0xc ./Src/main.o
 .group         0x0000000000000000        0xc ./Src/main.o
 .group         0x0000000000000000        0xc ./Src/main.o
 .group         0x0000000000000000        0xc ./Src/main.o
 .group         0x0000000000000000        0xc ./Src/main.o
 .group         0x0000000000000000        0xc ./Src/main.o
 .group         0x0000000000000000        0xc ./Src/main.o
 .group         0x0000000000000000        0xc ./Src/main.o
 .text          0x0000000000000000        0x0 ./Src/main.o
 .data          0x0000000000000000        0x0 ./Src/main.o
 .bss           0x0000000000000000        0x0 ./Src/main.o
 .debug_macro   0x0000000000000000      0xa84 ./Src/main.o
 .debug_macro   0x0000000000000000       0x28 ./Src/main.o
 .debug_macro   0x0000000000000000       0x22 ./Src/main.o
 .debug_macro   0x0000000000000000       0x8e ./Src/main.o
 .debug_macro   0x0000000000000000       0x51 ./Src/main.o
 .debug_macro   0x0000000000000000      0x103 ./Src/main.o
 .debug_macro   0x0000000000000000       0x6a ./Src/main.o
 .debug_macro   0x0000000000000000      0x1df ./Src/main.o
 .debug_macro   0x0000000000000000       0x1c ./Src/main.o
 .debug_macro   0x0000000000000000       0x22 ./Src/main.o
 .debug_macro   0x0000000000000000       0xd7 ./Src/main.o
 .debug_macro   0x0000000000000000      0x3ad ./Src/main.o
 .debug_macro   0x0000000000000000     0x7ba3 ./Src/main.o
 .debug_macro   0x0000000000000000       0x8e ./Src/main.o
 .debug_macro   0x0000000000000000       0x28 ./Src/main.o
 .debug_macro   0x0000000000000000       0x28 ./Src/main.o
 .group         0x0000000000000000        0xc ./Src/nvic.o
 .group         0x0000000000000000        0xc ./Src/nvic.o
 .group         0x0000000000000000        0xc ./Src/nvic.o
 .group         0x0000000000000000        0xc ./Src/nvic.o
 .group         0x0000000000000000        0xc ./Src/nvic.o
 .group         0x0000000000000000        0xc ./Src/nvic.o
 .group         0x0000000000000000        0xc ./Src/nvic.o
 .group         0x0000000000000000        0xc ./Src/nvic.o
 .group         0x0000000000000000        0xc ./Src/nvic.o
 .group         0x0000000000000000        0xc ./Src/nvic.o
 .group         0x0000000000000000        0xc ./Src/nvic.o
 .group         0x0000000000000000        0xc ./Src/nvic.o
 .group         0x0000000000000000        0xc ./Src/nvic.o
 .group         0x0000000000000000        0xc ./Src/nvic.o
 .group         0x0000000000000000        0xc ./Src/nvic.o
 .text          0x0000000000000000        0x0 ./Src/nvic.o
 .data          0x0000000000000000        0x0 ./Src/nvic.o
 .bss           0x0000000000000000        0x0 ./Src/nvic.o
 .debug_macro   0x0000000000000000      0xa84 ./Src/nvic.o
 .debug_macro   0x0000000000000000       0x28 ./Src/nvic.o
 .debug_macro   0x0000000000000000       0x22 ./Src/nvic.o
 .debug_macro   0x0000000000000000       0x8e ./Src/nvic.o
 .debug_macro   0x0000000000000000       0x51 ./Src/nvic.o
 .debug_macro   0x0000000000000000      0x103 ./Src/nvic.o
 .debug_macro   0x0000000000000000       0x6a ./Src/nvic.o
 .debug_macro   0x0000000000000000      0x1df ./Src/nvic.o
 .debug_macro   0x0000000000000000       0x1c ./Src/nvic.o
 .debug_macro   0x0000000000000000       0x22 ./Src/nvic.o
 .debug_macro   0x0000000000000000       0xd7 ./Src/nvic.o
 .debug_macro   0x0000000000000000      0x3ad ./Src/nvic.o
 .debug_macro   0x0000000000000000     0x7ba3 ./Src/nvic.o
 .debug_macro   0x0000000000000000       0x28 ./Src/nvic.o
 .debug_macro   0x0000000000000000       0x28 ./Src/nvic.o
 .group         0x0000000000000000        0xc ./Src/spi.o
 .group         0x0000000000000000        0xc ./Src/spi.o
 .group         0x0000000000000000        0xc ./Src/spi.o
 .group         0x0000000000000000        0xc ./Src/spi.o
 .group         0x0000000000000000        0xc ./Src/spi.o
 .group         0x0000000000000000        0xc ./Src/spi.o
 .group         0x0000000000000000        0xc ./Src/spi.o
 .group         0x0000000000000000        0xc ./Src/spi.o
 .group         0x0000000000000000        0xc ./Src/spi.o
 .group         0x0000000000000000        0xc ./Src/spi.o
 .group         0x0000000000000000        0xc ./Src/spi.o
 .group         0x0000000000000000        0xc ./Src/spi.o
 .group         0x0000000000000000        0xc ./Src/spi.o
 .group         0x0000000000000000        0xc ./Src/spi.o
 .text          0x0000000000000000        0x0 ./Src/spi.o
 .data          0x0000000000000000        0x0 ./Src/spi.o
 .bss           0x0000000000000000        0x0 ./Src/spi.o
 .text.spi_transmit_wait_byte
                0x0000000000000000       0x48 ./Src/spi.o
 .text.spi_clear_rx_buffer
                0x0000000000000000       0x44 ./Src/spi.o
 .debug_macro   0x0000000000000000      0xa84 ./Src/spi.o
 .debug_macro   0x0000000000000000       0x28 ./Src/spi.o
 .debug_macro   0x0000000000000000       0x22 ./Src/spi.o
 .debug_macro   0x0000000000000000       0x8e ./Src/spi.o
 .debug_macro   0x0000000000000000       0x51 ./Src/spi.o
 .debug_macro   0x0000000000000000      0x103 ./Src/spi.o
 .debug_macro   0x0000000000000000       0x6a ./Src/spi.o
 .debug_macro   0x0000000000000000      0x1df ./Src/spi.o
 .debug_macro   0x0000000000000000       0x1c ./Src/spi.o
 .debug_macro   0x0000000000000000       0x22 ./Src/spi.o
 .debug_macro   0x0000000000000000       0xd7 ./Src/spi.o
 .debug_macro   0x0000000000000000      0x3ad ./Src/spi.o
 .debug_macro   0x0000000000000000     0x7ba3 ./Src/spi.o
 .group         0x0000000000000000        0xc ./Src/system_stm32l0xx.o
 .group         0x0000000000000000        0xc ./Src/system_stm32l0xx.o
 .group         0x0000000000000000        0xc ./Src/system_stm32l0xx.o
 .group         0x0000000000000000        0xc ./Src/system_stm32l0xx.o
 .group         0x0000000000000000        0xc ./Src/system_stm32l0xx.o
 .group         0x0000000000000000        0xc ./Src/system_stm32l0xx.o
 .group         0x0000000000000000        0xc ./Src/system_stm32l0xx.o
 .group         0x0000000000000000        0xc ./Src/system_stm32l0xx.o
 .group         0x0000000000000000        0xc ./Src/system_stm32l0xx.o
 .group         0x0000000000000000        0xc ./Src/system_stm32l0xx.o
 .group         0x0000000000000000        0xc ./Src/system_stm32l0xx.o
 .group         0x0000000000000000        0xc ./Src/system_stm32l0xx.o
 .group         0x0000000000000000        0xc ./Src/system_stm32l0xx.o
 .group         0x0000000000000000        0xc ./Src/system_stm32l0xx.o
 .group         0x0000000000000000        0xc ./Src/system_stm32l0xx.o
 .text          0x0000000000000000        0x0 ./Src/system_stm32l0xx.o
 .data          0x0000000000000000        0x0 ./Src/system_stm32l0xx.o
 .bss           0x0000000000000000        0x0 ./Src/system_stm32l0xx.o
 .rodata.APBPrescTable
                0x0000000000000000        0x8 ./Src/system_stm32l0xx.o
 .debug_macro   0x0000000000000000      0xa84 ./Src/system_stm32l0xx.o
 .debug_macro   0x0000000000000000       0x2e ./Src/system_stm32l0xx.o
 .debug_macro   0x0000000000000000       0x28 ./Src/system_stm32l0xx.o
 .debug_macro   0x0000000000000000       0x22 ./Src/system_stm32l0xx.o
 .debug_macro   0x0000000000000000       0x8e ./Src/system_stm32l0xx.o
 .debug_macro   0x0000000000000000       0x51 ./Src/system_stm32l0xx.o
 .debug_macro   0x0000000000000000      0x103 ./Src/system_stm32l0xx.o
 .debug_macro   0x0000000000000000       0x6a ./Src/system_stm32l0xx.o
 .debug_macro   0x0000000000000000      0x1df ./Src/system_stm32l0xx.o
 .debug_macro   0x0000000000000000       0x1c ./Src/system_stm32l0xx.o
 .debug_macro   0x0000000000000000       0x22 ./Src/system_stm32l0xx.o
 .debug_macro   0x0000000000000000       0xd7 ./Src/system_stm32l0xx.o
 .debug_macro   0x0000000000000000      0x3ad ./Src/system_stm32l0xx.o
 .debug_macro   0x0000000000000000     0x7ba3 ./Src/system_stm32l0xx.o
 .debug_macro   0x0000000000000000       0x66 ./Src/system_stm32l0xx.o
 .group         0x0000000000000000        0xc ./Src/timers.o
 .group         0x0000000000000000        0xc ./Src/timers.o
 .group         0x0000000000000000        0xc ./Src/timers.o
 .group         0x0000000000000000        0xc ./Src/timers.o
 .group         0x0000000000000000        0xc ./Src/timers.o
 .group         0x0000000000000000        0xc ./Src/timers.o
 .group         0x0000000000000000        0xc ./Src/timers.o
 .group         0x0000000000000000        0xc ./Src/timers.o
 .group         0x0000000000000000        0xc ./Src/timers.o
 .group         0x0000000000000000        0xc ./Src/timers.o
 .group         0x0000000000000000        0xc ./Src/timers.o
 .group         0x0000000000000000        0xc ./Src/timers.o
 .group         0x0000000000000000        0xc ./Src/timers.o
 .text          0x0000000000000000        0x0 ./Src/timers.o
 .data          0x0000000000000000        0x0 ./Src/timers.o
 .bss           0x0000000000000000        0x0 ./Src/timers.o
 .debug_macro   0x0000000000000000      0xa84 ./Src/timers.o
 .debug_macro   0x0000000000000000       0x28 ./Src/timers.o
 .debug_macro   0x0000000000000000       0x22 ./Src/timers.o
 .debug_macro   0x0000000000000000       0x8e ./Src/timers.o
 .debug_macro   0x0000000000000000       0x51 ./Src/timers.o
 .debug_macro   0x0000000000000000      0x103 ./Src/timers.o
 .debug_macro   0x0000000000000000       0x6a ./Src/timers.o
 .debug_macro   0x0000000000000000      0x1df ./Src/timers.o
 .debug_macro   0x0000000000000000       0x1c ./Src/timers.o
 .debug_macro   0x0000000000000000       0x22 ./Src/timers.o
 .debug_macro   0x0000000000000000       0xd7 ./Src/timers.o
 .debug_macro   0x0000000000000000      0x3ad ./Src/timers.o
 .debug_macro   0x0000000000000000     0x7ba3 ./Src/timers.o
 .text          0x0000000000000000       0x14 ./Startup/startup_stm32l011k4tx.o
 .data          0x0000000000000000        0x0 ./Startup/startup_stm32l011k4tx.o
 .bss           0x0000000000000000        0x0 ./Startup/startup_stm32l011k4tx.o
 .text          0x0000000000000000        0x0 /opt/st/stm32cubeide_1.7.0/plugins/com.st.stm32cube.ide.mcu.externaltools.gnu-tools-for-stm32.9-2020-q2-update.linux64_2.0.0.202105311346/tools/bin/../lib/gcc/arm-none-eabi/9.3.1/../../../../arm-none-eabi/lib/thumb/v6-m/nofp/libc_nano.a(lib_a-exit.o)
 .data          0x0000000000000000        0x0 /opt/st/stm32cubeide_1.7.0/plugins/com.st.stm32cube.ide.mcu.externaltools.gnu-tools-for-stm32.9-2020-q2-update.linux64_2.0.0.202105311346/tools/bin/../lib/gcc/arm-none-eabi/9.3.1/../../../../arm-none-eabi/lib/thumb/v6-m/nofp/libc_nano.a(lib_a-exit.o)
 .bss           0x0000000000000000        0x0 /opt/st/stm32cubeide_1.7.0/plugins/com.st.stm32cube.ide.mcu.externaltools.gnu-tools-for-stm32.9-2020-q2-update.linux64_2.0.0.202105311346/tools/bin/../lib/gcc/arm-none-eabi/9.3.1/../../../../arm-none-eabi/lib/thumb/v6-m/nofp/libc_nano.a(lib_a-exit.o)
 .text.exit     0x0000000000000000       0x2c /opt/st/stm32cubeide_1.7.0/plugins/com.st.stm32cube.ide.mcu.externaltools.gnu-tools-for-stm32.9-2020-q2-update.linux64_2.0.0.202105311346/tools/bin/../lib/gcc/arm-none-eabi/9.3.1/../../../../arm-none-eabi/lib/thumb/v6-m/nofp/libc_nano.a(lib_a-exit.o)
 .debug_frame   0x0000000000000000       0x28 /opt/st/stm32cubeide_1.7.0/plugins/com.st.stm32cube.ide.mcu.externaltools.gnu-tools-for-stm32.9-2020-q2-update.linux64_2.0.0.202105311346/tools/bin/../lib/gcc/arm-none-eabi/9.3.1/../../../../arm-none-eabi/lib/thumb/v6-m/nofp/libc_nano.a(lib_a-exit.o)
 .ARM.attributes
                0x0000000000000000       0x2c /opt/st/stm32cubeide_1.7.0/plugins/com.st.stm32cube.ide.mcu.externaltools.gnu-tools-for-stm32.9-2020-q2-update.linux64_2.0.0.202105311346/tools/bin/../lib/gcc/arm-none-eabi/9.3.1/../../../../arm-none-eabi/lib/thumb/v6-m/nofp/libc_nano.a(lib_a-exit.o)
 .text          0x0000000000000000        0x0 /opt/st/stm32cubeide_1.7.0/plugins/com.st.stm32cube.ide.mcu.externaltools.gnu-tools-for-stm32.9-2020-q2-update.linux64_2.0.0.202105311346/tools/bin/../lib/gcc/arm-none-eabi/9.3.1/../../../../arm-none-eabi/lib/thumb/v6-m/nofp/libc_nano.a(lib_a-impure.o)
 .data          0x0000000000000000        0x0 /opt/st/stm32cubeide_1.7.0/plugins/com.st.stm32cube.ide.mcu.externaltools.gnu-tools-for-stm32.9-2020-q2-update.linux64_2.0.0.202105311346/tools/bin/../lib/gcc/arm-none-eabi/9.3.1/../../../../arm-none-eabi/lib/thumb/v6-m/nofp/libc_nano.a(lib_a-impure.o)
 .bss           0x0000000000000000        0x0 /opt/st/stm32cubeide_1.7.0/plugins/com.st.stm32cube.ide.mcu.externaltools.gnu-tools-for-stm32.9-2020-q2-update.linux64_2.0.0.202105311346/tools/bin/../lib/gcc/arm-none-eabi/9.3.1/../../../../arm-none-eabi/lib/thumb/v6-m/nofp/libc_nano.a(lib_a-impure.o)
 .data._impure_ptr
                0x0000000000000000        0x4 /opt/st/stm32cubeide_1.7.0/plugins/com.st.stm32cube.ide.mcu.externaltools.gnu-tools-for-stm32.9-2020-q2-update.linux64_2.0.0.202105311346/tools/bin/../lib/gcc/arm-none-eabi/9.3.1/../../../../arm-none-eabi/lib/thumb/v6-m/nofp/libc_nano.a(lib_a-impure.o)
 .data.impure_data
                0x0000000000000000       0x60 /opt/st/stm32cubeide_1.7.0/plugins/com.st.stm32cube.ide.mcu.externaltools.gnu-tools-for-stm32.9-2020-q2-update.linux64_2.0.0.202105311346/tools/bin/../lib/gcc/arm-none-eabi/9.3.1/../../../../arm-none-eabi/lib/thumb/v6-m/nofp/libc_nano.a(lib_a-impure.o)
 .rodata._global_impure_ptr
                0x0000000000000000        0x4 /opt/st/stm32cubeide_1.7.0/plugins/com.st.stm32cube.ide.mcu.externaltools.gnu-tools-for-stm32.9-2020-q2-update.linux64_2.0.0.202105311346/tools/bin/../lib/gcc/arm-none-eabi/9.3.1/../../../../arm-none-eabi/lib/thumb/v6-m/nofp/libc_nano.a(lib_a-impure.o)
 .ARM.attributes
                0x0000000000000000       0x2c /opt/st/stm32cubeide_1.7.0/plugins/com.st.stm32cube.ide.mcu.externaltools.gnu-tools-for-stm32.9-2020-q2-update.linux64_2.0.0.202105311346/tools/bin/../lib/gcc/arm-none-eabi/9.3.1/../../../../arm-none-eabi/lib/thumb/v6-m/nofp/libc_nano.a(lib_a-impure.o)
 .text          0x0000000000000000        0x0 /opt/st/stm32cubeide_1.7.0/plugins/com.st.stm32cube.ide.mcu.externaltools.gnu-tools-for-stm32.9-2020-q2-update.linux64_2.0.0.202105311346/tools/bin/../lib/gcc/arm-none-eabi/9.3.1/../../../../arm-none-eabi/lib/thumb/v6-m/nofp/libc_nano.a(lib_a-init.o)
 .data          0x0000000000000000        0x0 /opt/st/stm32cubeide_1.7.0/plugins/com.st.stm32cube.ide.mcu.externaltools.gnu-tools-for-stm32.9-2020-q2-update.linux64_2.0.0.202105311346/tools/bin/../lib/gcc/arm-none-eabi/9.3.1/../../../../arm-none-eabi/lib/thumb/v6-m/nofp/libc_nano.a(lib_a-init.o)
 .bss           0x0000000000000000        0x0 /opt/st/stm32cubeide_1.7.0/plugins/com.st.stm32cube.ide.mcu.externaltools.gnu-tools-for-stm32.9-2020-q2-update.linux64_2.0.0.202105311346/tools/bin/../lib/gcc/arm-none-eabi/9.3.1/../../../../arm-none-eabi/lib/thumb/v6-m/nofp/libc_nano.a(lib_a-init.o)
 .text          0x0000000000000000        0x0 /opt/st/stm32cubeide_1.7.0/plugins/com.st.stm32cube.ide.mcu.externaltools.gnu-tools-for-stm32.9-2020-q2-update.linux64_2.0.0.202105311346/tools/bin/../lib/gcc/arm-none-eabi/9.3.1/../../../../arm-none-eabi/lib/thumb/v6-m/nofp/libc_nano.a(lib_a-memset.o)
 .data          0x0000000000000000        0x0 /opt/st/stm32cubeide_1.7.0/plugins/com.st.stm32cube.ide.mcu.externaltools.gnu-tools-for-stm32.9-2020-q2-update.linux64_2.0.0.202105311346/tools/bin/../lib/gcc/arm-none-eabi/9.3.1/../../../../arm-none-eabi/lib/thumb/v6-m/nofp/libc_nano.a(lib_a-memset.o)
 .bss           0x0000000000000000        0x0 /opt/st/stm32cubeide_1.7.0/plugins/com.st.stm32cube.ide.mcu.externaltools.gnu-tools-for-stm32.9-2020-q2-update.linux64_2.0.0.202105311346/tools/bin/../lib/gcc/arm-none-eabi/9.3.1/../../../../arm-none-eabi/lib/thumb/v6-m/nofp/libc_nano.a(lib_a-memset.o)
 .text.memset   0x0000000000000000       0x10 /opt/st/stm32cubeide_1.7.0/plugins/com.st.stm32cube.ide.mcu.externaltools.gnu-tools-for-stm32.9-2020-q2-update.linux64_2.0.0.202105311346/tools/bin/../lib/gcc/arm-none-eabi/9.3.1/../../../../arm-none-eabi/lib/thumb/v6-m/nofp/libc_nano.a(lib_a-memset.o)
 .debug_frame   0x0000000000000000       0x20 /opt/st/stm32cubeide_1.7.0/plugins/com.st.stm32cube.ide.mcu.externaltools.gnu-tools-for-stm32.9-2020-q2-update.linux64_2.0.0.202105311346/tools/bin/../lib/gcc/arm-none-eabi/9.3.1/../../../../arm-none-eabi/lib/thumb/v6-m/nofp/libc_nano.a(lib_a-memset.o)
 .ARM.attributes
                0x0000000000000000       0x2c /opt/st/stm32cubeide_1.7.0/plugins/com.st.stm32cube.ide.mcu.externaltools.gnu-tools-for-stm32.9-2020-q2-update.linux64_2.0.0.202105311346/tools/bin/../lib/gcc/arm-none-eabi/9.3.1/../../../../arm-none-eabi/lib/thumb/v6-m/nofp/libc_nano.a(lib_a-memset.o)
 .data          0x0000000000000000        0x0 /opt/st/stm32cubeide_1.7.0/plugins/com.st.stm32cube.ide.mcu.externaltools.gnu-tools-for-stm32.9-2020-q2-update.linux64_2.0.0.202105311346/tools/bin/../lib/gcc/arm-none-eabi/9.3.1/thumb/v6-m/nofp/libgcc.a(_udivsi3.o)
 .bss           0x0000000000000000        0x0 /opt/st/stm32cubeide_1.7.0/plugins/com.st.stm32cube.ide.mcu.externaltools.gnu-tools-for-stm32.9-2020-q2-update.linux64_2.0.0.202105311346/tools/bin/../lib/gcc/arm-none-eabi/9.3.1/thumb/v6-m/nofp/libgcc.a(_udivsi3.o)
 .data          0x0000000000000000        0x0 /opt/st/stm32cubeide_1.7.0/plugins/com.st.stm32cube.ide.mcu.externaltools.gnu-tools-for-stm32.9-2020-q2-update.linux64_2.0.0.202105311346/tools/bin/../lib/gcc/arm-none-eabi/9.3.1/thumb/v6-m/nofp/libgcc.a(_dvmd_tls.o)
 .bss           0x0000000000000000        0x0 /opt/st/stm32cubeide_1.7.0/plugins/com.st.stm32cube.ide.mcu.externaltools.gnu-tools-for-stm32.9-2020-q2-update.linux64_2.0.0.202105311346/tools/bin/../lib/gcc/arm-none-eabi/9.3.1/thumb/v6-m/nofp/libgcc.a(_dvmd_tls.o)
 .text          0x0000000000000000        0x0 /opt/st/stm32cubeide_1.7.0/plugins/com.st.stm32cube.ide.mcu.externaltools.gnu-tools-for-stm32.9-2020-q2-update.linux64_2.0.0.202105311346/tools/bin/../lib/gcc/arm-none-eabi/9.3.1/../../../../arm-none-eabi/lib/thumb/v6-m/nofp/libnosys.a(_exit.o)
 .data          0x0000000000000000        0x0 /opt/st/stm32cubeide_1.7.0/plugins/com.st.stm32cube.ide.mcu.externaltools.gnu-tools-for-stm32.9-2020-q2-update.linux64_2.0.0.202105311346/tools/bin/../lib/gcc/arm-none-eabi/9.3.1/../../../../arm-none-eabi/lib/thumb/v6-m/nofp/libnosys.a(_exit.o)
 .bss           0x0000000000000000        0x0 /opt/st/stm32cubeide_1.7.0/plugins/com.st.stm32cube.ide.mcu.externaltools.gnu-tools-for-stm32.9-2020-q2-update.linux64_2.0.0.202105311346/tools/bin/../lib/gcc/arm-none-eabi/9.3.1/../../../../arm-none-eabi/lib/thumb/v6-m/nofp/libnosys.a(_exit.o)
 .text._exit    0x0000000000000000        0x2 /opt/st/stm32cubeide_1.7.0/plugins/com.st.stm32cube.ide.mcu.externaltools.gnu-tools-for-stm32.9-2020-q2-update.linux64_2.0.0.202105311346/tools/bin/../lib/gcc/arm-none-eabi/9.3.1/../../../../arm-none-eabi/lib/thumb/v6-m/nofp/libnosys.a(_exit.o)
 .debug_frame   0x0000000000000000       0x20 /opt/st/stm32cubeide_1.7.0/plugins/com.st.stm32cube.ide.mcu.externaltools.gnu-tools-for-stm32.9-2020-q2-update.linux64_2.0.0.202105311346/tools/bin/../lib/gcc/arm-none-eabi/9.3.1/../../../../arm-none-eabi/lib/thumb/v6-m/nofp/libnosys.a(_exit.o)
 .ARM.attributes
                0x0000000000000000       0x2c /opt/st/stm32cubeide_1.7.0/plugins/com.st.stm32cube.ide.mcu.externaltools.gnu-tools-for-stm32.9-2020-q2-update.linux64_2.0.0.202105311346/tools/bin/../lib/gcc/arm-none-eabi/9.3.1/../../../../arm-none-eabi/lib/thumb/v6-m/nofp/libnosys.a(_exit.o)
 .text          0x0000000000000000        0x0 /opt/st/stm32cubeide_1.7.0/plugins/com.st.stm32cube.ide.mcu.externaltools.gnu-tools-for-stm32.9-2020-q2-update.linux64_2.0.0.202105311346/tools/bin/../lib/gcc/arm-none-eabi/9.3.1/thumb/v6-m/nofp/crtend.o
 .data          0x0000000000000000        0x0 /opt/st/stm32cubeide_1.7.0/plugins/com.st.stm32cube.ide.mcu.externaltools.gnu-tools-for-stm32.9-2020-q2-update.linux64_2.0.0.202105311346/tools/bin/../lib/gcc/arm-none-eabi/9.3.1/thumb/v6-m/nofp/crtend.o
 .bss           0x0000000000000000        0x0 /opt/st/stm32cubeide_1.7.0/plugins/com.st.stm32cube.ide.mcu.externaltools.gnu-tools-for-stm32.9-2020-q2-update.linux64_2.0.0.202105311346/tools/bin/../lib/gcc/arm-none-eabi/9.3.1/thumb/v6-m/nofp/crtend.o
 .eh_frame      0x0000000000000000        0x4 /opt/st/stm32cubeide_1.7.0/plugins/com.st.stm32cube.ide.mcu.externaltools.gnu-tools-for-stm32.9-2020-q2-update.linux64_2.0.0.202105311346/tools/bin/../lib/gcc/arm-none-eabi/9.3.1/thumb/v6-m/nofp/crtend.o
 .ARM.attributes
                0x0000000000000000       0x2c /opt/st/stm32cubeide_1.7.0/plugins/com.st.stm32cube.ide.mcu.externaltools.gnu-tools-for-stm32.9-2020-q2-update.linux64_2.0.0.202105311346/tools/bin/../lib/gcc/arm-none-eabi/9.3.1/thumb/v6-m/nofp/crtend.o
 .text          0x0000000000000000        0x0 /opt/st/stm32cubeide_1.7.0/plugins/com.st.stm32cube.ide.mcu.externaltools.gnu-tools-for-stm32.9-2020-q2-update.linux64_2.0.0.202105311346/tools/bin/../lib/gcc/arm-none-eabi/9.3.1/thumb/v6-m/nofp/crtn.o
 .data          0x0000000000000000        0x0 /opt/st/stm32cubeide_1.7.0/plugins/com.st.stm32cube.ide.mcu.externaltools.gnu-tools-for-stm32.9-2020-q2-update.linux64_2.0.0.202105311346/tools/bin/../lib/gcc/arm-none-eabi/9.3.1/thumb/v6-m/nofp/crtn.o
 .bss           0x0000000000000000        0x0 /opt/st/stm32cubeide_1.7.0/plugins/com.st.stm32cube.ide.mcu.externaltools.gnu-tools-for-stm32.9-2020-q2-update.linux64_2.0.0.202105311346/tools/bin/../lib/gcc/arm-none-eabi/9.3.1/thumb/v6-m/nofp/crtn.o

Memory Configuration

Name             Origin             Length             Attributes
RAM              0x0000000020000000 0x0000000000000800 xrw
FLASH            0x0000000008000000 0x0000000000004000 xr
*default*        0x0000000000000000 0xffffffffffffffff

Linker script and memory map

LOAD /opt/st/stm32cubeide_1.7.0/plugins/com.st.stm32cube.ide.mcu.externaltools.gnu-tools-for-stm32.9-2020-q2-update.linux64_2.0.0.202105311346/tools/bin/../lib/gcc/arm-none-eabi/9.3.1/thumb/v6-m/nofp/crti.o
LOAD /opt/st/stm32cubeide_1.7.0/plugins/com.st.stm32cube.ide.mcu.externaltools.gnu-tools-for-stm32.9-2020-q2-update.linux64_2.0.0.202105311346/tools/bin/../lib/gcc/arm-none-eabi/9.3.1/thumb/v6-m/nofp/crtbegin.o
LOAD /opt/st/stm32cubeide_1.7.0/plugins/com.st.stm32cube.ide.mcu.externaltools.gnu-tools-for-stm32.9-2020-q2-update.linux64_2.0.0.202105311346/tools/bin/../lib/gcc/arm-none-eabi/9.3.1/../../../../arm-none-eabi/lib/thumb/v6-m/nofp/crt0.o
LOAD ./Src/cc1101.o
LOAD ./Src/gpio.o
LOAD ./Src/init_system.o
LOAD ./Src/main.o
LOAD ./Src/nvic.o
LOAD ./Src/spi.o
LOAD ./Src/system_stm32l0xx.o
LOAD ./Src/timers.o
LOAD ./Startup/startup_stm32l011k4tx.o
START GROUP
LOAD /opt/st/stm32cubeide_1.7.0/plugins/com.st.stm32cube.ide.mcu.externaltools.gnu-tools-for-stm32.9-2020-q2-update.linux64_2.0.0.202105311346/tools/bin/../lib/gcc/arm-none-eabi/9.3.1/../../../../arm-none-eabi/lib/thumb/v6-m/nofp/libc_nano.a
LOAD /opt/st/stm32cubeide_1.7.0/plugins/com.st.stm32cube.ide.mcu.externaltools.gnu-tools-for-stm32.9-2020-q2-update.linux64_2.0.0.202105311346/tools/bin/../lib/gcc/arm-none-eabi/9.3.1/../../../../arm-none-eabi/lib/thumb/v6-m/nofp/libm.a
END GROUP
START GROUP
LOAD /opt/st/stm32cubeide_1.7.0/plugins/com.st.stm32cube.ide.mcu.externaltools.gnu-tools-for-stm32.9-2020-q2-update.linux64_2.0.0.202105311346/tools/bin/../lib/gcc/arm-none-eabi/9.3.1/thumb/v6-m/nofp/libgcc.a
LOAD /opt/st/stm32cubeide_1.7.0/plugins/com.st.stm32cube.ide.mcu.externaltools.gnu-tools-for-stm32.9-2020-q2-update.linux64_2.0.0.202105311346/tools/bin/../lib/gcc/arm-none-eabi/9.3.1/../../../../arm-none-eabi/lib/thumb/v6-m/nofp/libc_nano.a
END GROUP
START GROUP
LOAD /opt/st/stm32cubeide_1.7.0/plugins/com.st.stm32cube.ide.mcu.externaltools.gnu-tools-for-stm32.9-2020-q2-update.linux64_2.0.0.202105311346/tools/bin/../lib/gcc/arm-none-eabi/9.3.1/thumb/v6-m/nofp/libgcc.a
LOAD /opt/st/stm32cubeide_1.7.0/plugins/com.st.stm32cube.ide.mcu.externaltools.gnu-tools-for-stm32.9-2020-q2-update.linux64_2.0.0.202105311346/tools/bin/../lib/gcc/arm-none-eabi/9.3.1/../../../../arm-none-eabi/lib/thumb/v6-m/nofp/libc_nano.a
LOAD /opt/st/stm32cubeide_1.7.0/plugins/com.st.stm32cube.ide.mcu.externaltools.gnu-tools-for-stm32.9-2020-q2-update.linux64_2.0.0.202105311346/tools/bin/../lib/gcc/arm-none-eabi/9.3.1/../../../../arm-none-eabi/lib/thumb/v6-m/nofp/libnosys.a
END GROUP
START GROUP
LOAD /opt/st/stm32cubeide_1.7.0/plugins/com.st.stm32cube.ide.mcu.externaltools.gnu-tools-for-stm32.9-2020-q2-update.linux64_2.0.0.202105311346/tools/bin/../lib/gcc/arm-none-eabi/9.3.1/thumb/v6-m/nofp/libgcc.a
LOAD /opt/st/stm32cubeide_1.7.0/plugins/com.st.stm32cube.ide.mcu.externaltools.gnu-tools-for-stm32.9-2020-q2-update.linux64_2.0.0.202105311346/tools/bin/../lib/gcc/arm-none-eabi/9.3.1/../../../../arm-none-eabi/lib/thumb/v6-m/nofp/libc_nano.a
LOAD /opt/st/stm32cubeide_1.7.0/plugins/com.st.stm32cube.ide.mcu.externaltools.gnu-tools-for-stm32.9-2020-q2-update.linux64_2.0.0.202105311346/tools/bin/../lib/gcc/arm-none-eabi/9.3.1/../../../../arm-none-eabi/lib/thumb/v6-m/nofp/libnosys.a
END GROUP
LOAD /opt/st/stm32cubeide_1.7.0/plugins/com.st.stm32cube.ide.mcu.externaltools.gnu-tools-for-stm32.9-2020-q2-update.linux64_2.0.0.202105311346/tools/bin/../lib/gcc/arm-none-eabi/9.3.1/thumb/v6-m/nofp/crtend.o
LOAD /opt/st/stm32cubeide_1.7.0/plugins/com.st.stm32cube.ide.mcu.externaltools.gnu-tools-for-stm32.9-2020-q2-update.linux64_2.0.0.202105311346/tools/bin/../lib/gcc/arm-none-eabi/9.3.1/thumb/v6-m/nofp/crtn.o
                0x0000000020000800                _estack = (ORIGIN (RAM) + LENGTH (RAM))
                0x0000000000000100                _Min_Heap_Size = 0x100
                0x0000000000000200                _Min_Stack_Size = 0x200

.isr_vector     0x0000000008000000       0xb8
                0x0000000008000000                . = ALIGN (0x4)
 *(.isr_vector)
 .isr_vector    0x0000000008000000       0xb8 ./Startup/startup_stm32l011k4tx.o
                0x0000000008000000                g_pfnVectors
                0x00000000080000b8                . = ALIGN (0x4)

.text           0x00000000080000b8      0xd08
                0x00000000080000b8                . = ALIGN (0x4)
 *(.text)
 .text          0x00000000080000b8       0x48 /opt/st/stm32cubeide_1.7.0/plugins/com.st.stm32cube.ide.mcu.externaltools.gnu-tools-for-stm32.9-2020-q2-update.linux64_2.0.0.202105311346/tools/bin/../lib/gcc/arm-none-eabi/9.3.1/thumb/v6-m/nofp/crtbegin.o
 .text          0x0000000008000100      0x114 /opt/st/stm32cubeide_1.7.0/plugins/com.st.stm32cube.ide.mcu.externaltools.gnu-tools-for-stm32.9-2020-q2-update.linux64_2.0.0.202105311346/tools/bin/../lib/gcc/arm-none-eabi/9.3.1/thumb/v6-m/nofp/libgcc.a(_udivsi3.o)
                0x0000000008000100                __udivsi3
                0x0000000008000100                __aeabi_uidiv
                0x000000000800020c                __aeabi_uidivmod
 .text          0x0000000008000214        0x4 /opt/st/stm32cubeide_1.7.0/plugins/com.st.stm32cube.ide.mcu.externaltools.gnu-tools-for-stm32.9-2020-q2-update.linux64_2.0.0.202105311346/tools/bin/../lib/gcc/arm-none-eabi/9.3.1/thumb/v6-m/nofp/libgcc.a(_dvmd_tls.o)
                0x0000000008000214                __aeabi_ldiv0
                0x0000000008000214                __aeabi_idiv0
 *(.text*)
 .text.init_cc1101
                0x0000000008000218       0x48 ./Src/cc1101.o
                0x0000000008000218                init_cc1101
 .text.cc1101_transmit
                0x0000000008000260       0xe8 ./Src/cc1101.o
                0x0000000008000260                cc1101_transmit
 .text.init_receive_packet
                0x0000000008000348       0x54 ./Src/cc1101.o
                0x0000000008000348                init_receive_packet
 .text.init_gpio
                0x000000000800039c      0x154 ./Src/gpio.o
                0x000000000800039c                init_gpio
 .text.init_emb_flash_mem
                0x00000000080004f0       0x28 ./Src/init_system.o
                0x00000000080004f0                init_emb_flash_mem
 .text.init_rcc
                0x0000000008000518       0x3c ./Src/init_system.o
                0x0000000008000518                init_rcc
 .text.init_iwdg
                0x0000000008000554       0x30 ./Src/init_system.o
                0x0000000008000554                init_iwdg
 .text.main     0x0000000008000584       0xfc ./Src/main.o
                0x0000000008000584                main
 .text.__NVIC_EnableIRQ
                0x0000000008000680       0x34 ./Src/nvic.o
 .text.init_external_irq
                0x00000000080006b4       0x54 ./Src/nvic.o
                0x00000000080006b4                init_external_irq
 .text.SPI1_IRQHandler
                0x0000000008000708       0xa0 ./Src/nvic.o
                0x0000000008000708                SPI1_IRQHandler
 .text.EXTI4_15_IRQHandler
                0x00000000080007a8       0x98 ./Src/nvic.o
                0x00000000080007a8                EXTI4_15_IRQHandler
 .text.TIM2_IRQHandler
                0x0000000008000840       0x84 ./Src/nvic.o
                0x0000000008000840                TIM2_IRQHandler
 .text.__NVIC_EnableIRQ
                0x00000000080008c4       0x34 ./Src/spi.o
 .text.init_spi
                0x00000000080008f8       0x88 ./Src/spi.o
                0x00000000080008f8                init_spi
 .text.nss_pin_handler
                0x0000000008000980       0x4c ./Src/spi.o
                0x0000000008000980                nss_pin_handler
 .text.spi_transmit
                0x00000000080009cc       0xc0 ./Src/spi.o
                0x00000000080009cc                spi_transmit
 .text.spi_transmit_wait
                0x0000000008000a8c       0x58 ./Src/spi.o
                0x0000000008000a8c                spi_transmit_wait
 .text.SystemInit
                0x0000000008000ae4        0xa ./Src/system_stm32l0xx.o
                0x0000000008000ae4                SystemInit
 *fill*         0x0000000008000aee        0x2 
 .text.SystemCoreClockUpdate
                0x0000000008000af0      0x170 ./Src/system_stm32l0xx.o
                0x0000000008000af0                SystemCoreClockUpdate
 .text.__NVIC_EnableIRQ
                0x0000000008000c60       0x34 ./Src/timers.o
 .text.init_timer2
                0x0000000008000c94       0x78 ./Src/timers.o
                0x0000000008000c94                init_timer2
 .text.Reset_Handler
                0x0000000008000d0c       0x50 ./Startup/startup_stm32l011k4tx.o
                0x0000000008000d0c                Reset_Handler
 .text.Default_Handler
                0x0000000008000d5c        0x2 ./Startup/startup_stm32l011k4tx.o
                0x0000000008000d5c                HardFault_Handler
                0x0000000008000d5c                TIM6_IRQHandler
                0x0000000008000d5c                SysTick_Handler
                0x0000000008000d5c                PVD_IRQHandler
                0x0000000008000d5c                PendSV_Handler
                0x0000000008000d5c                NMI_Handler
                0x0000000008000d5c                I2C1_IRQHandler
                0x0000000008000d5c                USART4_USART5_IRQHandler
                0x0000000008000d5c                EXTI2_3_IRQHandler
                0x0000000008000d5c                I2C2_IRQHandler
                0x0000000008000d5c                RTC_IRQHandler
                0x0000000008000d5c                TIM3_IRQHandler
                0x0000000008000d5c                RCC_IRQHandler
                0x0000000008000d5c                DMA1_Channel1_IRQHandler
                0x0000000008000d5c                Default_Handler
                0x0000000008000d5c                TIM22_IRQHandler
                0x0000000008000d5c                TIM7_IRQHandler
                0x0000000008000d5c                EXTI0_1_IRQHandler
                0x0000000008000d5c                I2C3_IRQHandler
                0x0000000008000d5c                SPI2_IRQHandler
                0x0000000008000d5c                SVC_Handler
                0x0000000008000d5c                TIM21_IRQHandler
                0x0000000008000d5c                WWDG_IRQHandler
                0x0000000008000d5c                DMA1_Channel2_3_IRQHandler
                0x0000000008000d5c                ADC_COMP_IRQHandler
                0x0000000008000d5c                USART2_IRQHandler
                0x0000000008000d5c                DMA1_Channel4_7_IRQHandler
                0x0000000008000d5c                USART1_IRQHandler
                0x0000000008000d5c                AES_RNG_LPUART1_IRQHandler
                0x0000000008000d5c                LPTIM1_IRQHandler
 *fill*         0x0000000008000d5e        0x2 
 .text.__libc_init_array
                0x0000000008000d60       0x48 /opt/st/stm32cubeide_1.7.0/plugins/com.st.stm32cube.ide.mcu.externaltools.gnu-tools-for-stm32.9-2020-q2-update.linux64_2.0.0.202105311346/tools/bin/../lib/gcc/arm-none-eabi/9.3.1/../../../../arm-none-eabi/lib/thumb/v6-m/nofp/libc_nano.a(lib_a-init.o)
                0x0000000008000d60                __libc_init_array
 *(.glue_7)
 .glue_7        0x0000000008000da8        0x0 linker stubs
 *(.glue_7t)
 .glue_7t       0x0000000008000da8        0x0 linker stubs
 *(.eh_frame)
 .eh_frame      0x0000000008000da8        0x0 /opt/st/stm32cubeide_1.7.0/plugins/com.st.stm32cube.ide.mcu.externaltools.gnu-tools-for-stm32.9-2020-q2-update.linux64_2.0.0.202105311346/tools/bin/../lib/gcc/arm-none-eabi/9.3.1/thumb/v6-m/nofp/crtbegin.o
 *(.init)
 .init          0x0000000008000da8        0x4 /opt/st/stm32cubeide_1.7.0/plugins/com.st.stm32cube.ide.mcu.externaltools.gnu-tools-for-stm32.9-2020-q2-update.linux64_2.0.0.202105311346/tools/bin/../lib/gcc/arm-none-eabi/9.3.1/thumb/v6-m/nofp/crti.o
                0x0000000008000da8                _init
 .init          0x0000000008000dac        0x8 /opt/st/stm32cubeide_1.7.0/plugins/com.st.stm32cube.ide.mcu.externaltools.gnu-tools-for-stm32.9-2020-q2-update.linux64_2.0.0.202105311346/tools/bin/../lib/gcc/arm-none-eabi/9.3.1/thumb/v6-m/nofp/crtn.o
 *(.fini)
 .fini          0x0000000008000db4        0x4 /opt/st/stm32cubeide_1.7.0/plugins/com.st.stm32cube.ide.mcu.externaltools.gnu-tools-for-stm32.9-2020-q2-update.linux64_2.0.0.202105311346/tools/bin/../lib/gcc/arm-none-eabi/9.3.1/thumb/v6-m/nofp/crti.o
                0x0000000008000db4                _fini
 .fini          0x0000000008000db8        0x8 /opt/st/stm32cubeide_1.7.0/plugins/com.st.stm32cube.ide.mcu.externaltools.gnu-tools-for-stm32.9-2020-q2-update.linux64_2.0.0.202105311346/tools/bin/../lib/gcc/arm-none-eabi/9.3.1/thumb/v6-m/nofp/crtn.o
                0x0000000008000dc0                . = ALIGN (0x4)
                0x0000000008000dc0                _etext = .

.vfp11_veneer   0x0000000008000dc0        0x0
 .vfp11_veneer  0x0000000008000dc0        0x0 linker stubs

.v4_bx          0x0000000008000dc0        0x0
 .v4_bx         0x0000000008000dc0        0x0 linker stubs

.iplt           0x0000000008000dc0        0x0
 .iplt          0x0000000008000dc0        0x0 /opt/st/stm32cubeide_1.7.0/plugins/com.st.stm32cube.ide.mcu.externaltools.gnu-tools-for-stm32.9-2020-q2-update.linux64_2.0.0.202105311346/tools/bin/../lib/gcc/arm-none-eabi/9.3.1/thumb/v6-m/nofp/crtbegin.o

.rodata         0x0000000008000dc0       0x20
                0x0000000008000dc0                . = ALIGN (0x4)
 *(.rodata)
 .rodata        0x0000000008000dc0        0x1 ./Src/cc1101.o
 *(.rodata*)
 *fill*         0x0000000008000dc1        0x3 
 .rodata.AHBPrescTable
                0x0000000008000dc4       0x10 ./Src/system_stm32l0xx.o
                0x0000000008000dc4                AHBPrescTable
 .rodata.PLLMulTable
                0x0000000008000dd4        0x9 ./Src/system_stm32l0xx.o
                0x0000000008000dd4                PLLMulTable
                0x0000000008000de0                . = ALIGN (0x4)
 *fill*         0x0000000008000ddd        0x3 

.rel.dyn        0x0000000008000de0        0x0
 .rel.iplt      0x0000000008000de0        0x0 /opt/st/stm32cubeide_1.7.0/plugins/com.st.stm32cube.ide.mcu.externaltools.gnu-tools-for-stm32.9-2020-q2-update.linux64_2.0.0.202105311346/tools/bin/../lib/gcc/arm-none-eabi/9.3.1/thumb/v6-m/nofp/crtbegin.o

.ARM.extab      0x0000000008000de0        0x0
                0x0000000008000de0                . = ALIGN (0x4)
 *(.ARM.extab* .gnu.linkonce.armextab.*)
                0x0000000008000de0                . = ALIGN (0x4)

.ARM            0x0000000008000de0        0x0
                0x0000000008000de0                . = ALIGN (0x4)
                0x0000000008000de0                __exidx_start = .
 *(.ARM.exidx*)
                0x0000000008000de0                __exidx_end = .
                0x0000000008000de0                . = ALIGN (0x4)

.preinit_array  0x0000000008000de0        0x0
                0x0000000008000de0                . = ALIGN (0x4)
                0x0000000008000de0                PROVIDE (__preinit_array_start = .)
 *(.preinit_array*)
                0x0000000008000de0                PROVIDE (__preinit_array_end = .)
                0x0000000008000de0                . = ALIGN (0x4)

.init_array     0x0000000008000de0        0x4
                0x0000000008000de0                . = ALIGN (0x4)
                0x0000000008000de0                PROVIDE (__init_array_start = .)
 *(SORT_BY_NAME(.init_array.*))
 *(.init_array*)
 .init_array    0x0000000008000de0        0x4 /opt/st/stm32cubeide_1.7.0/plugins/com.st.stm32cube.ide.mcu.externaltools.gnu-tools-for-stm32.9-2020-q2-update.linux64_2.0.0.202105311346/tools/bin/../lib/gcc/arm-none-eabi/9.3.1/thumb/v6-m/nofp/crtbegin.o
                0x0000000008000de4                PROVIDE (__init_array_end = .)
                0x0000000008000de4                . = ALIGN (0x4)

.fini_array     0x0000000008000de4        0x4
                0x0000000008000de4                . = ALIGN (0x4)
                [!provide]                        PROVIDE (__fini_array_start = .)
 *(SORT_BY_NAME(.fini_array.*))
 *(.fini_array*)
 .fini_array    0x0000000008000de4        0x4 /opt/st/stm32cubeide_1.7.0/plugins/com.st.stm32cube.ide.mcu.externaltools.gnu-tools-for-stm32.9-2020-q2-update.linux64_2.0.0.202105311346/tools/bin/../lib/gcc/arm-none-eabi/9.3.1/thumb/v6-m/nofp/crtbegin.o
                [!provide]                        PROVIDE (__fini_array_end = .)
                0x0000000008000de8                . = ALIGN (0x4)
                0x0000000008000de8                _sidata = LOADADDR (.data)

.data           0x0000000020000000       0x48 load address 0x0000000008000de8
                0x0000000020000000                . = ALIGN (0x4)
                0x0000000020000000                _sdata = .
 *(.data)
 *(.data*)
 .data.PA_TABLE
                0x0000000020000000        0x9 ./Src/cc1101.o
                0x0000000020000000                PA_TABLE
 *fill*         0x0000000020000009        0x3 
 .data.rfSettings
                0x000000002000000c       0x30 ./Src/cc1101.o
                0x000000002000000c                rfSettings
 .data.msg      0x000000002000003c        0x7 ./Src/main.o
                0x000000002000003c                msg
 *fill*         0x0000000020000043        0x1 
 .data.SystemCoreClock
                0x0000000020000044        0x4 ./Src/system_stm32l0xx.o
                0x0000000020000044                SystemCoreClock
 *(.RamFunc)
 *(.RamFunc*)
                0x0000000020000048                . = ALIGN (0x4)
                0x0000000020000048                _edata = .

.igot.plt       0x0000000020000048        0x0 load address 0x0000000008000e30
 .igot.plt      0x0000000020000048        0x0 /opt/st/stm32cubeide_1.7.0/plugins/com.st.stm32cube.ide.mcu.externaltools.gnu-tools-for-stm32.9-2020-q2-update.linux64_2.0.0.202105311346/tools/bin/../lib/gcc/arm-none-eabi/9.3.1/thumb/v6-m/nofp/crtbegin.o
                0x0000000020000048                . = ALIGN (0x4)

.bss            0x0000000020000048      0x150 load address 0x0000000008000e30
                0x0000000020000048                _sbss = .
                0x0000000020000048                __bss_start__ = _sbss
 *(.bss)
 .bss           0x0000000020000048       0x1c /opt/st/stm32cubeide_1.7.0/plugins/com.st.stm32cube.ide.mcu.externaltools.gnu-tools-for-stm32.9-2020-q2-update.linux64_2.0.0.202105311346/tools/bin/../lib/gcc/arm-none-eabi/9.3.1/thumb/v6-m/nofp/crtbegin.o
 *(.bss*)
 .bss.button0_counter
                0x0000000020000064        0x1 ./Src/nvic.o
                0x0000000020000064                button0_counter
 *(COMMON)
 *fill*         0x0000000020000065        0x3 
 COMMON         0x0000000020000068      0x130 ./Src/cc1101.o
                0x0000000020000068                SPI_TX_COUNTER
                0x000000002000006c                FLAG_BUFF0
                0x0000000020000070                USER_BUFFER
                0x0000000020000090                SPI_RX_BUFFER
                0x0000000020000110                SPI_RX_COUNTER
                0x0000000020000112                SPI_TX_SIZE
                0x0000000020000114                CURRENT_NSS
                0x0000000020000118                SPI_TX_BUFFER
                0x0000000020000198                . = ALIGN (0x4)
                0x0000000020000198                _ebss = .
                0x0000000020000198                __bss_end__ = _ebss

._user_heap_stack
                0x0000000020000198      0x300 load address 0x0000000008000e30
                0x0000000020000198                . = ALIGN (0x8)
                [!provide]                        PROVIDE (end = .)
                [!provide]                        PROVIDE (_end = .)
                0x0000000020000298                . = (. + _Min_Heap_Size)
 *fill*         0x0000000020000198      0x100 
                0x0000000020000498                . = (. + _Min_Stack_Size)
 *fill*         0x0000000020000298      0x200 
                0x0000000020000498                . = ALIGN (0x8)

/DISCARD/
 libc.a(*)
 libm.a(*)
 libgcc.a(*)

.ARM.attributes
                0x0000000000000000       0x28
 *(.ARM.attributes)
 .ARM.attributes
                0x0000000000000000       0x1e /opt/st/stm32cubeide_1.7.0/plugins/com.st.stm32cube.ide.mcu.externaltools.gnu-tools-for-stm32.9-2020-q2-update.linux64_2.0.0.202105311346/tools/bin/../lib/gcc/arm-none-eabi/9.3.1/thumb/v6-m/nofp/crti.o
 .ARM.attributes
                0x000000000000001e       0x2c /opt/st/stm32cubeide_1.7.0/plugins/com.st.stm32cube.ide.mcu.externaltools.gnu-tools-for-stm32.9-2020-q2-update.linux64_2.0.0.202105311346/tools/bin/../lib/gcc/arm-none-eabi/9.3.1/thumb/v6-m/nofp/crtbegin.o
 .ARM.attributes
                0x000000000000004a       0x2c ./Src/cc1101.o
 .ARM.attributes
                0x0000000000000076       0x2c ./Src/gpio.o
 .ARM.attributes
                0x00000000000000a2       0x2c ./Src/init_system.o
 .ARM.attributes
                0x00000000000000ce       0x2c ./Src/main.o
 .ARM.attributes
                0x00000000000000fa       0x2c ./Src/nvic.o
 .ARM.attributes
                0x0000000000000126       0x2c ./Src/spi.o
 .ARM.attributes
                0x0000000000000152       0x2c ./Src/system_stm32l0xx.o
 .ARM.attributes
                0x000000000000017e       0x2c ./Src/timers.o
 .ARM.attributes
                0x00000000000001aa       0x22 ./Startup/startup_stm32l011k4tx.o
 .ARM.attributes
                0x00000000000001cc       0x2c /opt/st/stm32cubeide_1.7.0/plugins/com.st.stm32cube.ide.mcu.externaltools.gnu-tools-for-stm32.9-2020-q2-update.linux64_2.0.0.202105311346/tools/bin/../lib/gcc/arm-none-eabi/9.3.1/../../../../arm-none-eabi/lib/thumb/v6-m/nofp/libc_nano.a(lib_a-init.o)
 .ARM.attributes
                0x00000000000001f8       0x1e /opt/st/stm32cubeide_1.7.0/plugins/com.st.stm32cube.ide.mcu.externaltools.gnu-tools-for-stm32.9-2020-q2-update.linux64_2.0.0.202105311346/tools/bin/../lib/gcc/arm-none-eabi/9.3.1/thumb/v6-m/nofp/libgcc.a(_udivsi3.o)
 .ARM.attributes
                0x0000000000000216       0x1e /opt/st/stm32cubeide_1.7.0/plugins/com.st.stm32cube.ide.mcu.externaltools.gnu-tools-for-stm32.9-2020-q2-update.linux64_2.0.0.202105311346/tools/bin/../lib/gcc/arm-none-eabi/9.3.1/thumb/v6-m/nofp/libgcc.a(_dvmd_tls.o)
 .ARM.attributes
                0x0000000000000234       0x1e /opt/st/stm32cubeide_1.7.0/plugins/com.st.stm32cube.ide.mcu.externaltools.gnu-tools-for-stm32.9-2020-q2-update.linux64_2.0.0.202105311346/tools/bin/../lib/gcc/arm-none-eabi/9.3.1/thumb/v6-m/nofp/crtn.o
OUTPUT(stm32l011k4_cc1101_com.elf elf32-littlearm)
LOAD linker stubs
LOAD /opt/st/stm32cubeide_1.7.0/plugins/com.st.stm32cube.ide.mcu.externaltools.gnu-tools-for-stm32.9-2020-q2-update.linux64_2.0.0.202105311346/tools/bin/../lib/gcc/arm-none-eabi/9.3.1/../../../../arm-none-eabi/lib/thumb/v6-m/nofp/libc.a
LOAD /opt/st/stm32cubeide_1.7.0/plugins/com.st.stm32cube.ide.mcu.externaltools.gnu-tools-for-stm32.9-2020-q2-update.linux64_2.0.0.202105311346/tools/bin/../lib/gcc/arm-none-eabi/9.3.1/../../../../arm-none-eabi/lib/thumb/v6-m/nofp/libm.a
LOAD /opt/st/stm32cubeide_1.7.0/plugins/com.st.stm32cube.ide.mcu.externaltools.gnu-tools-for-stm32.9-2020-q2-update.linux64_2.0.0.202105311346/tools/bin/../lib/gcc/arm-none-eabi/9.3.1/thumb/v6-m/nofp/libgcc.a

.debug_info     0x0000000000000000     0x276b
 .debug_info    0x0000000000000000      0x38c ./Src/cc1101.o
 .debug_info    0x000000000000038c      0x320 ./Src/gpio.o
 .debug_info    0x00000000000006ac      0x371 ./Src/init_system.o
 .debug_info    0x0000000000000a1d      0x3c4 ./Src/main.o
 .debug_info    0x0000000000000de1      0x93d ./Src/nvic.o
 .debug_info    0x000000000000171e      0x7aa ./Src/spi.o
 .debug_info    0x0000000000001ec8      0x302 ./Src/system_stm32l0xx.o
 .debug_info    0x00000000000021ca      0x57f ./Src/timers.o
 .debug_info    0x0000000000002749       0x22 ./Startup/startup_stm32l011k4tx.o

.debug_abbrev   0x0000000000000000      0xa6c
 .debug_abbrev  0x0000000000000000      0x126 ./Src/cc1101.o
 .debug_abbrev  0x0000000000000126       0xd8 ./Src/gpio.o
 .debug_abbrev  0x00000000000001fe      0x114 ./Src/init_system.o
 .debug_abbrev  0x0000000000000312      0x125 ./Src/main.o
 .debug_abbrev  0x0000000000000437      0x1af ./Src/nvic.o
 .debug_abbrev  0x00000000000005e6      0x216 ./Src/spi.o
 .debug_abbrev  0x00000000000007fc      0x116 ./Src/system_stm32l0xx.o
 .debug_abbrev  0x0000000000000912      0x148 ./Src/timers.o
 .debug_abbrev  0x0000000000000a5a       0x12 ./Startup/startup_stm32l011k4tx.o

.debug_aranges  0x0000000000000000      0x1a8
 .debug_aranges
                0x0000000000000000       0x30 ./Src/cc1101.o
 .debug_aranges
                0x0000000000000030       0x20 ./Src/gpio.o
 .debug_aranges
                0x0000000000000050       0x30 ./Src/init_system.o
 .debug_aranges
                0x0000000000000080       0x20 ./Src/main.o
 .debug_aranges
                0x00000000000000a0       0x40 ./Src/nvic.o
 .debug_aranges
                0x00000000000000e0       0x50 ./Src/spi.o
 .debug_aranges
                0x0000000000000130       0x28 ./Src/system_stm32l0xx.o
 .debug_aranges
                0x0000000000000158       0x28 ./Src/timers.o
 .debug_aranges
                0x0000000000000180       0x28 ./Startup/startup_stm32l011k4tx.o

.debug_ranges   0x0000000000000000      0x120
 .debug_ranges  0x0000000000000000       0x20 ./Src/cc1101.o
 .debug_ranges  0x0000000000000020       0x10 ./Src/gpio.o
 .debug_ranges  0x0000000000000030       0x20 ./Src/init_system.o
 .debug_ranges  0x0000000000000050       0x10 ./Src/main.o
 .debug_ranges  0x0000000000000060       0x30 ./Src/nvic.o
 .debug_ranges  0x0000000000000090       0x40 ./Src/spi.o
 .debug_ranges  0x00000000000000d0       0x18 ./Src/system_stm32l0xx.o
 .debug_ranges  0x00000000000000e8       0x18 ./Src/timers.o
 .debug_ranges  0x0000000000000100       0x20 ./Startup/startup_stm32l011k4tx.o

.debug_macro    0x0000000000000000     0x974c
 .debug_macro   0x0000000000000000       0xcc ./Src/cc1101.o
 .debug_macro   0x00000000000000cc      0xa84 ./Src/cc1101.o
 .debug_macro   0x0000000000000b50       0x28 ./Src/cc1101.o
 .debug_macro   0x0000000000000b78       0x22 ./Src/cc1101.o
 .debug_macro   0x0000000000000b9a       0x8e ./Src/cc1101.o
 .debug_macro   0x0000000000000c28       0x51 ./Src/cc1101.o
 .debug_macro   0x0000000000000c79      0x103 ./Src/cc1101.o
 .debug_macro   0x0000000000000d7c       0x6a ./Src/cc1101.o
 .debug_macro   0x0000000000000de6      0x1df ./Src/cc1101.o
 .debug_macro   0x0000000000000fc5       0x1c ./Src/cc1101.o
 .debug_macro   0x0000000000000fe1       0x22 ./Src/cc1101.o
 .debug_macro   0x0000000000001003       0xd7 ./Src/cc1101.o
 .debug_macro   0x00000000000010da      0x3ad ./Src/cc1101.o
 .debug_macro   0x0000000000001487     0x7ba3 ./Src/cc1101.o
 .debug_macro   0x000000000000902a       0x8e ./Src/cc1101.o
 .debug_macro   0x00000000000090b8       0x28 ./Src/cc1101.o
 .debug_macro   0x00000000000090e0       0x28 ./Src/cc1101.o
 .debug_macro   0x0000000000009108       0xb5 ./Src/gpio.o
 .debug_macro   0x00000000000091bd       0xbb ./Src/init_system.o
 .debug_macro   0x0000000000009278      0x10c ./Src/main.o
 .debug_macro   0x0000000000009384       0x2e ./Src/main.o
 .debug_macro   0x00000000000093b2       0x66 ./Src/main.o
 .debug_macro   0x0000000000009418       0x10 ./Src/main.o
 .debug_macro   0x0000000000009428       0xc7 ./Src/nvic.o
 .debug_macro   0x00000000000094ef       0xba ./Src/spi.o
 .debug_macro   0x00000000000095a9       0x22 ./Src/spi.o
 .debug_macro   0x00000000000095cb       0xcc ./Src/system_stm32l0xx.o
 .debug_macro   0x0000000000009697       0xb5 ./Src/timers.o

.debug_line     0x0000000000000000     0x25c9
 .debug_line    0x0000000000000000      0x4c5 ./Src/cc1101.o
 .debug_line    0x00000000000004c5      0x41f ./Src/gpio.o
 .debug_line    0x00000000000008e4      0x472 ./Src/init_system.o
 .debug_line    0x0000000000000d56      0x47d ./Src/main.o
 .debug_line    0x00000000000011d3      0x511 ./Src/nvic.o
 .debug_line    0x00000000000016e4      0x578 ./Src/spi.o
 .debug_line    0x0000000000001c5c      0x4b4 ./Src/system_stm32l0xx.o
 .debug_line    0x0000000000002110      0x435 ./Src/timers.o
 .debug_line    0x0000000000002545       0x84 ./Startup/startup_stm32l011k4tx.o

.debug_str      0x0000000000000000    0x30dd0
 .debug_str     0x0000000000000000    0x30279 ./Src/cc1101.o
                                      0x30467 (size before relaxing)
 .debug_str     0x0000000000030279       0xeb ./Src/gpio.o
                                      0x30168 (size before relaxing)
 .debug_str     0x0000000000030364       0xb7 ./Src/init_system.o
                                      0x301cc (size before relaxing)
 .debug_str     0x000000000003041b      0x5af ./Src/main.o
                                      0x30a2a (size before relaxing)
 .debug_str     0x00000000000309ca      0x289 ./Src/nvic.o
                                      0x30684 (size before relaxing)
 .debug_str     0x0000000000030c53       0x76 ./Src/spi.o
                                      0x304d0 (size before relaxing)
 .debug_str     0x0000000000030cc9       0xba ./Src/system_stm32l0xx.o
                                      0x30747 (size before relaxing)
 .debug_str     0x0000000000030d83       0x1c ./Src/timers.o
                                      0x3034b (size before relaxing)
 .debug_str     0x0000000000030d9f       0x31 ./Startup/startup_stm32l011k4tx.o
                                         0x75 (size before relaxing)

.comment        0x0000000000000000       0x53
 .comment       0x0000000000000000       0x53 ./Src/cc1101.o
                                         0x54 (size before relaxing)
 .comment       0x0000000000000053       0x54 ./Src/gpio.o
 .comment       0x0000000000000053       0x54 ./Src/init_system.o
 .comment       0x0000000000000053       0x54 ./Src/main.o
 .comment       0x0000000000000053       0x54 ./Src/nvic.o
 .comment       0x0000000000000053       0x54 ./Src/spi.o
 .comment       0x0000000000000053       0x54 ./Src/system_stm32l0xx.o
 .comment       0x0000000000000053       0x54 ./Src/timers.o

.debug_frame    0x0000000000000000      0x39c
 .debug_frame   0x0000000000000000       0x70 ./Src/cc1101.o
 .debug_frame   0x0000000000000070       0x2c ./Src/gpio.o
 .debug_frame   0x000000000000009c       0x64 ./Src/init_system.o
 .debug_frame   0x0000000000000100       0x2c ./Src/main.o
 .debug_frame   0x000000000000012c       0xa0 ./Src/nvic.o
 .debug_frame   0x00000000000001cc       0xec ./Src/spi.o
 .debug_frame   0x00000000000002b8       0x4c ./Src/system_stm32l0xx.o
 .debug_frame   0x0000000000000304       0x4c ./Src/timers.o
 .debug_frame   0x0000000000000350       0x2c /opt/st/stm32cubeide_1.7.0/plugins/com.st.stm32cube.ide.mcu.externaltools.gnu-tools-for-stm32.9-2020-q2-update.linux64_2.0.0.202105311346/tools/bin/../lib/gcc/arm-none-eabi/9.3.1/../../../../arm-none-eabi/lib/thumb/v6-m/nofp/libc_nano.a(lib_a-init.o)
 .debug_frame   0x000000000000037c       0x20 /opt/st/stm32cubeide_1.7.0/plugins/com.st.stm32cube.ide.mcu.externaltools.gnu-tools-for-stm32.9-2020-q2-update.linux64_2.0.0.202105311346/tools/bin/../lib/gcc/arm-none-eabi/9.3.1/thumb/v6-m/nofp/libgcc.a(_udivsi3.o)
